src/actions/admin-actions.ts(45,17): error TS2322: Type 'string' is not assignable to type 'AdminRole | undefined'.
src/components/Tables/user-list/fetch.ts(2,13): error TS2300: Duplicate identifier 'User'.
src/components/Tables/user-list/fetch.ts(13,13): error TS2300: Duplicate identifier 'User'.
src/components/Tables/user-list/fetch.ts(29,3): error TS2322: Type '{ id: string; name: string; email: string; role: string; status: string; lastLogin: string; }[]' is not assignable to type 'User[]'.
  Type '{ id: string; name: string; email: string; role: string; status: string; lastLogin: string; }' is not assignable to type 'User'.
    Types of property 'status' are incompatible.
      Type 'string' is not assignable to type '"Pending" | "Active" | "Inactive"'.
